the eternal rain
cleanse the soul with your bubbles
barley deity
Ӷ\xf8\xddе\xa2